8142ed7f-a022-4af4-8ccf-7a9808d58d24,6,5,,,26,0,260,2024-08-01 14:37:12
4b284a41-5a71-4f30-91c7-0de18ab54653,9,2,,242746,14,0,104,2024-08-01 14:37:13
890276e0-8c1c-4a7a-abfb-c6c24a785d37,6,3,,331959,51,0,510,2024-08-01 14:37:17
7ebe6384-cec6-44e9-85fe-95ae88f09c15,6,2,,,24,0,240,2024-08-01 14:37:20
7f8953cf-3cb7-44f7-a527-4b73763f1edd,9,1,,978225,51,0,510,2025-06-01 10:25:25
0cb012bb-ece2-492e-9df5-4d857ddd9394,1,3,,1009954,17,0,170,2025-06-01 10:25:26
1f20b2b0-82f1-4b9e-a903-9bccfebbe53d,2,2,,2018696,44,0,440,2025-06-01 10:25:28
